// Jest Snapshot v1, https://goo.gl/fbAQLP

exports[`snapshot 1`] = `
.emotion-13 {
  display: -webkit-box;
  display: -webkit-flex;
  display: -ms-flexbox;
  display: flex;
  -webkit-flex-wrap: wrap;
  -ms-flex-wrap: wrap;
  flex-wrap: wrap;
  -webkit-align-items: center;
  -webkit-box-align: center;
  -ms-flex-align: center;
  align-items: center;
  -webkit-box-pack: center;
  -webkit-justify-content: center;
  -ms-flex-pack: center;
  justify-content: center;
  margin: 20px 0px;
}

.emotion-4 {
  width: 25%;
  display: -webkit-box;
  display: -webkit-flex;
  display: -ms-flexbox;
  display: flex;
  -webkit-box-pack: center;
  -webkit-justify-content: center;
  -ms-flex-pack: center;
  justify-content: center;
}

@media only screen and (max-width:819px) {
  .emotion-4 {
    -webkit-order: 1;
    -ms-flex-order: 1;
    order: 1;
    margin-top: 10px;
    -webkit-flex: 1;
    -ms-flex: 1;
    flex: 1;
  }
}

.emotion-1 {
  border: none;
  background-color: transparent;
  outline: none;
}

.emotion-0 {
  width: 55px;
  background: white;
  box-shadow: var(--shadow);
  border-radius: 20px;
  padding: 15px;
  margin-right: 15px;
  cursor: pointer;
  -webkit-transition: 0.5s;
  transition: 0.5s;
}

.emotion-0:hover {
  box-shadow: var(--shadowHover);
}

.emotion-8 {
  display: -webkit-box;
  display: -webkit-flex;
  display: -ms-flexbox;
  display: flex;
}

@media only screen and (max-width:819px) {
  .emotion-8 {
    -webkit-order: 0;
    -ms-flex-order: 0;
    order: 0;
    width: 100%;
  }
}

.emotion-8 > div {
  border-radius: 50px;
  margin-left: auto;
  margin-right: auto;
  background: white;
  text-align: center;
  padding: 30px 50px;
  box-shadow: var(--shadow);
}

.emotion-6 {
  color: var(--green);
  font-size: 50px;
  line-height: 40px;
  text-transform: upperase;
}

.emotion-5 {
  color: var(--black);
}

.emotion-7 {
  -webkit-transition: 0.5s;
  transition: 0.5s;
}

.emotion-7:hover {
  color: var(--green);
}

.emotion-9 {
  background: white;
  box-shadow: var(--shadow);
  border-radius: 15px;
  padding: 15px;
  margin-left: 15px;
  cursor: pointer;
  -webkit-transition: 0.5s;
  transition: 0.5s;
}

.emotion-9:hover {
  box-shadow: var(--shadowHover);
}

.emotion-11 {
  background: var(--green);
  box-shadow: var(--shadow);
  color: white;
  font-size: 40px;
  border-radius: 15px;
  padding: 15px;
  line-height: 0.5;
  -webkit-transition: 0.5s;
  transition: 0.5s;
  cursor: pointer;
  position: fixed;
  bottom: 10px;
  right: 10px;
}

.emotion-11:hover {
  box-shadow: var(--shadowHover);
}

<div>
  <div>
    <div
      class="emotion-13"
    >
      <div
        class="emotion-4"
      >
        <a
          class="emotion-1"
          href="https://twitter.com/kentcdodds"
        >
          <img
            class="emotion-0"
            src="SVG"
          />
        </a>
        <a
          class="emotion-1"
          href="https://github.com/kentcdodds/testing-workshop"
        >
          <img
            class="emotion-0"
            src="SVG"
          />
        </a>
      </div>
      <div
        class="emotion-8"
      >
        <div>
          <h1
            class="emotion-6"
          >
            <a
              href="/"
            >
              Today
              <br />
              <span
                class="emotion-5"
              >
                I Learned
              </span>
            </a>
          </h1>
          <small
            class="emotion-7"
          >
            Inspired by
             
            <a
              href="https://til.hashrocket.com/"
            >
              til.hashrocket.com
            </a>
          </small>
        </div>
      </div>
      <div
        class="emotion-4"
      >
        <div>
          <span
            class="emotion-9"
            data-testid="username-display"
          >
            chucknorris
          </span>
          <span
            class="emotion-9"
          >
            Logout
          </span>
          <span
            class="emotion-11"
          >
            <a
              href="/editor"
            >
              <span>
                +
              </span>
            </a>
          </span>
        </div>
      </div>
    </div>
    <div>
      <div>
        <div />
      </div>
    </div>
  </div>
</div>
`;
