// Jest Snapshot v1, https://goo.gl/fbAQLP

exports[`snapshot 1`] = `
.emotion-6 {
  display: -webkit-box;
  display: -webkit-flex;
  display: -ms-flexbox;
  display: flex;
  -webkit-flex-direction: column;
  -ms-flex-direction: column;
  flex-direction: column;
  -webkit-align-items: center;
  -webkit-box-align: center;
  -ms-flex-align: center;
  align-items: center;
}

.emotion-5 {
  display: -webkit-box;
  display: -webkit-flex;
  display: -ms-flexbox;
  display: flex;
  -webkit-flex-direction: column;
  -ms-flex-direction: column;
  flex-direction: column;
  -webkit-align-items: center;
  -webkit-box-align: center;
  -ms-flex-align: center;
  align-items: center;
  width: 100%;
  min-width: 200px;
  max-width: 400px;
  margin-left: -116px;
}

@media only screen and (max-width:819px) {
  .emotion-5 {
    margin-left: 0;
    width: 90%;
  }
}

.emotion-4 {
  display: grid;
  grid-template-columns: 100px 1fr;
  grid-gap: 16px;
  font-size: 18px;
  -webkit-align-items: center;
  -webkit-box-align: center;
  -ms-flex-align: center;
  align-items: center;
  margin-top: 30px;
  margin-bottom: 30px;
  width: 100%;
}

.emotion-0 {
  background: white;
  height: 50px;
  border: none;
  border-radius: 10px;
  color: var(--black);
  box-shadow: var(--shadow);
  border-bottom: 5px;
  width: 100%;
  min-width: 150px;
  display: block;
  padding-left: 10px;
}

.emotion-0::-webkit-input-placeholder {
  opacity: 0.5;
}

.emotion-0::-moz-placeholder {
  opacity: 0.5;
}

.emotion-0:-ms-input-placeholder {
  opacity: 0.5;
}

.emotion-0::placeholder {
  opacity: 0.5;
}

.emotion-1 {
  background: white;
  border: none;
  height: 200px;
  border-radius: 10px;
  color: var(--black);
  box-shadow: var(--shadow);
  border-bottom: 5px;
  width: 100%;
  min-width: 150px;
  display: block;
  margin: 0 auto 10px auto;
  padding-top: 10px;
  padding-left: 10px;
}

.emotion-1::-webkit-input-placeholder {
  opacity: 0.5;
}

.emotion-1::-moz-placeholder {
  opacity: 0.5;
}

.emotion-1:-ms-input-placeholder {
  opacity: 0.5;
}

.emotion-1::placeholder {
  opacity: 0.5;
}

.emotion-3 {
  font-size: 13px;
  font-family: Raleway,sans-serif;
  background: var(--green);
  padding: 10px 20px;
  display: block;
  margin-left: auto;
  color: white;
  border: none;
  border-radius: 10px;
  box-shadow: var(--shadow);
  cursor: pointer;
  -webkit-transition: 0.5s;
  transition: 0.5s;
}

.emotion-3:hover {
  box-shadow: var(--shadowHover);
}

<div>
  <div>
    <div
      class="emotion-6"
    >
      <form
        class="emotion-5"
      >
        <div
          class="emotion-4"
        >
          <label
            for="title-input"
          >
            Title
          </label>
          <input
            class="emotion-0"
            id="title-input"
            name="title"
            placeholder="Title"
          />
          <label
            for="content-input"
          >
            Content
          </label>
          <textarea
            class="emotion-1"
            id="content-input"
            name="content"
            placeholder="Content"
          />
          <label
            for="tags-input"
          >
            Tags
          </label>
          <input
            class="emotion-0"
            id="tags-input"
            name="tags"
            placeholder="tags"
          />
          <button
            class="emotion-3"
            style="margin-top: 20px;"
            type="submit"
          >
            Submit
          </button>
        </div>
      </form>
    </div>
  </div>
</div>
`;
